Archive member included to satisfy reference by file (symbol)

C:/STM/STM32CubeIDE_1.13.1/STM32CubeIDE/plugins/com.st.stm32cube.ide.mcu.externaltools.gnu-tools-for-stm32.11.3.rel1.win32_1.1.0.202305231506/tools/bin/../lib/gcc/arm-none-eabi/11.3.1/../../../../arm-none-eabi/lib/thumb/v7e-m+fp/hard\libc_nano.a(libc_a-exit.o)
                              C:/STM/STM32CubeIDE_1.13.1/STM32CubeIDE/plugins/com.st.stm32cube.ide.mcu.externaltools.gnu-tools-for-stm32.11.3.rel1.win32_1.1.0.202305231506/tools/bin/../lib/gcc/arm-none-eabi/11.3.1/../../../../arm-none-eabi/lib/thumb/v7e-m+fp/hard/crt0.o (exit)
C:/STM/STM32CubeIDE_1.13.1/STM32CubeIDE/plugins/com.st.stm32cube.ide.mcu.externaltools.gnu-tools-for-stm32.11.3.rel1.win32_1.1.0.202305231506/tools/bin/../lib/gcc/arm-none-eabi/11.3.1/../../../../arm-none-eabi/lib/thumb/v7e-m+fp/hard\libc_nano.a(libc_a-findfp.o)
                              C:/STM/STM32CubeIDE_1.13.1/STM32CubeIDE/plugins/com.st.stm32cube.ide.mcu.externaltools.gnu-tools-for-stm32.11.3.rel1.win32_1.1.0.202305231506/tools/bin/../lib/gcc/arm-none-eabi/11.3.1/../../../../arm-none-eabi/lib/thumb/v7e-m+fp/hard\libc_nano.a(libc_a-exit.o) (__stdio_exit_handler)
C:/STM/STM32CubeIDE_1.13.1/STM32CubeIDE/plugins/com.st.stm32cube.ide.mcu.externaltools.gnu-tools-for-stm32.11.3.rel1.win32_1.1.0.202305231506/tools/bin/../lib/gcc/arm-none-eabi/11.3.1/../../../../arm-none-eabi/lib/thumb/v7e-m+fp/hard\libc_nano.a(libc_a-fwalk.o)
                              C:/STM/STM32CubeIDE_1.13.1/STM32CubeIDE/plugins/com.st.stm32cube.ide.mcu.externaltools.gnu-tools-for-stm32.11.3.rel1.win32_1.1.0.202305231506/tools/bin/../lib/gcc/arm-none-eabi/11.3.1/../../../../arm-none-eabi/lib/thumb/v7e-m+fp/hard\libc_nano.a(libc_a-findfp.o) (_fwalk_sglue)
C:/STM/STM32CubeIDE_1.13.1/STM32CubeIDE/plugins/com.st.stm32cube.ide.mcu.externaltools.gnu-tools-for-stm32.11.3.rel1.win32_1.1.0.202305231506/tools/bin/../lib/gcc/arm-none-eabi/11.3.1/../../../../arm-none-eabi/lib/thumb/v7e-m+fp/hard\libc_nano.a(libc_a-stdio.o)
                              C:/STM/STM32CubeIDE_1.13.1/STM32CubeIDE/plugins/com.st.stm32cube.ide.mcu.externaltools.gnu-tools-for-stm32.11.3.rel1.win32_1.1.0.202305231506/tools/bin/../lib/gcc/arm-none-eabi/11.3.1/../../../../arm-none-eabi/lib/thumb/v7e-m+fp/hard\libc_nano.a(libc_a-findfp.o) (__sread)
C:/STM/STM32CubeIDE_1.13.1/STM32CubeIDE/plugins/com.st.stm32cube.ide.mcu.externaltools.gnu-tools-for-stm32.11.3.rel1.win32_1.1.0.202305231506/tools/bin/../lib/gcc/arm-none-eabi/11.3.1/../../../../arm-none-eabi/lib/thumb/v7e-m+fp/hard\libc_nano.a(libc_a-memset.o)
                              C:/STM/STM32CubeIDE_1.13.1/STM32CubeIDE/plugins/com.st.stm32cube.ide.mcu.externaltools.gnu-tools-for-stm32.11.3.rel1.win32_1.1.0.202305231506/tools/bin/../lib/gcc/arm-none-eabi/11.3.1/../../../../arm-none-eabi/lib/thumb/v7e-m+fp/hard/crt0.o (memset)
C:/STM/STM32CubeIDE_1.13.1/STM32CubeIDE/plugins/com.st.stm32cube.ide.mcu.externaltools.gnu-tools-for-stm32.11.3.rel1.win32_1.1.0.202305231506/tools/bin/../lib/gcc/arm-none-eabi/11.3.1/../../../../arm-none-eabi/lib/thumb/v7e-m+fp/hard\libc_nano.a(libc_a-closer.o)
                              C:/STM/STM32CubeIDE_1.13.1/STM32CubeIDE/plugins/com.st.stm32cube.ide.mcu.externaltools.gnu-tools-for-stm32.11.3.rel1.win32_1.1.0.202305231506/tools/bin/../lib/gcc/arm-none-eabi/11.3.1/../../../../arm-none-eabi/lib/thumb/v7e-m+fp/hard\libc_nano.a(libc_a-stdio.o) (_close_r)
C:/STM/STM32CubeIDE_1.13.1/STM32CubeIDE/plugins/com.st.stm32cube.ide.mcu.externaltools.gnu-tools-for-stm32.11.3.rel1.win32_1.1.0.202305231506/tools/bin/../lib/gcc/arm-none-eabi/11.3.1/../../../../arm-none-eabi/lib/thumb/v7e-m+fp/hard\libc_nano.a(libc_a-reent.o)
                              C:/STM/STM32CubeIDE_1.13.1/STM32CubeIDE/plugins/com.st.stm32cube.ide.mcu.externaltools.gnu-tools-for-stm32.11.3.rel1.win32_1.1.0.202305231506/tools/bin/../lib/gcc/arm-none-eabi/11.3.1/../../../../arm-none-eabi/lib/thumb/v7e-m+fp/hard\libc_nano.a(libc_a-closer.o) (errno)
C:/STM/STM32CubeIDE_1.13.1/STM32CubeIDE/plugins/com.st.stm32cube.ide.mcu.externaltools.gnu-tools-for-stm32.11.3.rel1.win32_1.1.0.202305231506/tools/bin/../lib/gcc/arm-none-eabi/11.3.1/../../../../arm-none-eabi/lib/thumb/v7e-m+fp/hard\libc_nano.a(libc_a-impure.o)
                              C:/STM/STM32CubeIDE_1.13.1/STM32CubeIDE/plugins/com.st.stm32cube.ide.mcu.externaltools.gnu-tools-for-stm32.11.3.rel1.win32_1.1.0.202305231506/tools/bin/../lib/gcc/arm-none-eabi/11.3.1/../../../../arm-none-eabi/lib/thumb/v7e-m+fp/hard\libc_nano.a(libc_a-reent.o) (_impure_ptr)
C:/STM/STM32CubeIDE_1.13.1/STM32CubeIDE/plugins/com.st.stm32cube.ide.mcu.externaltools.gnu-tools-for-stm32.11.3.rel1.win32_1.1.0.202305231506/tools/bin/../lib/gcc/arm-none-eabi/11.3.1/../../../../arm-none-eabi/lib/thumb/v7e-m+fp/hard\libc_nano.a(libc_a-lseekr.o)
[...]
Memory Configuration

Name             Origin             Length             Attributes
FLASH            0x0000000008000000 0x0000000000100000 xr
DTCMRAM          0x0000000020000000 0x0000000000010000 xrw
SRAM1            0x0000000020010000 0x000000000003c000 xrw
SRAM2            0x000000002004c000 0x0000000000004000 xrw
MEMORY_B1        0x0000000060000000 0x0000000000000000 xr
*default*        0x0000000000000000 0xffffffffffffffff

Linker script and memory map

LOAD C:/STM/STM32CubeIDE_1.13.1/STM32CubeIDE/plugins/com.st.stm32cube.ide.mcu.externaltools.gnu-tools-for-stm32.11.3.rel1.win32_1.1.0.202305231506/tools/bin/../lib/gcc/arm-none-eabi/11.3.1/thumb/v7e-m+fp/hard/crti.o
LOAD C:/STM/STM32CubeIDE_1.13.1/STM32CubeIDE/plugins/com.st.stm32cube.ide.mcu.externaltools.gnu-tools-for-stm32.11.3.rel1.win32_1.1.0.202305231506/tools/bin/../lib/gcc/arm-none-eabi/11.3.1/thumb/v7e-m+fp/hard/crtbegin.o
LOAD C:/STM/STM32CubeIDE_1.13.1/STM32CubeIDE/plugins/com.st.stm32cube.ide.mcu.externaltools.gnu-tools-for-stm32.11.3.rel1.win32_1.1.0.202305231506/tools/bin/../lib/gcc/arm-none-eabi/11.3.1/../../../../arm-none-eabi/lib/thumb/v7e-m+fp/hard/crt0.o
LOAD ./app/src/main.o
LOAD ./app/src/printf-stdarg.o
LOAD ./app/src/stm32f7xx_it.o
LOAD ./app/src/syscalls.o
LOAD ./app/src/sysmem.o
LOAD ./bsp/src/bsp.o
LOAD ./bsp/src/delay.o
LOAD ./bsp/src/usb.o
LOAD ./cmsis/device/src/startup_stm32f746xx.o
LOAD ./cmsis/device/src/system_stm32f7xx.o
START GROUP
LOAD C:/STM/STM32CubeIDE_1.13.1/STM32CubeIDE/plugins/com.st.stm32cube.ide.mcu.externaltools.gnu-tools-for-stm32.11.3.rel1.win32_1.1.0.202305231506/tools/bin/../lib/gcc/arm-none-eabi/11.3.1/../../../../arm-none-eabi/lib/thumb/v7e-m+fp/hard\libc_nano.a
LOAD C:/STM/STM32CubeIDE_1.13.1/STM32CubeIDE/plugins/com.st.stm32cube.ide.mcu.externaltools.gnu-tools-for-stm32.11.3.rel1.win32_1.1.0.202305231506/tools/bin/../lib/gcc/arm-none-eabi/11.3.1/../../../../arm-none-eabi/lib/thumb/v7e-m+fp/hard\libm.a
END GROUP
START GROUP
LOAD C:/STM/STM32CubeIDE_1.13.1/STM32CubeIDE/plugins/com.st.stm32cube.ide.mcu.externaltools.gnu-tools-for-stm32.11.3.rel1.win32_1.1.0.202305231506/tools/bin/../lib/gcc/arm-none-eabi/11.3.1/thumb/v7e-m+fp/hard\libgcc.a
LOAD C:/STM/STM32CubeIDE_1.13.1/STM32CubeIDE/plugins/com.st.stm32cube.ide.mcu.externaltools.gnu-tools-for-stm32.11.3.rel1.win32_1.1.0.202305231506/tools/bin/../lib/gcc/arm-none-eabi/11.3.1/../../../../arm-none-eabi/lib/thumb/v7e-m+fp/hard\libc_nano.a
END GROUP
START GROUP
LOAD C:/STM/STM32CubeIDE_1.13.1/STM32CubeIDE/plugins/com.st.stm32cube.ide.mcu.externaltools.gnu-tools-for-stm32.11.3.rel1.win32_1.1.0.202305231506/tools/bin/../lib/gcc/arm-none-eabi/11.3.1/thumb/v7e-m+fp/hard\libgcc.a
LOAD C:/STM/STM32CubeIDE_1.13.1/STM32CubeIDE/plugins/com.st.stm32cube.ide.mcu.externaltools.gnu-tools-for-stm32.11.3.rel1.win32_1.1.0.202305231506/tools/bin/../lib/gcc/arm-none-eabi/11.3.1/../../../../arm-none-eabi/lib/thumb/v7e-m+fp/hard\libc_nano.a
LOAD C:/STM/STM32CubeIDE_1.13.1/STM32CubeIDE/plugins/com.st.stm32cube.ide.mcu.externaltools.gnu-tools-for-stm32.11.3.rel1.win32_1.1.0.202305231506/tools/bin/../lib/gcc/arm-none-eabi/11.3.1/../../../../arm-none-eabi/lib/thumb/v7e-m+fp/hard\libnosys.a
END GROUP
START GROUP
LOAD C:/STM/STM32CubeIDE_1.13.1/STM32CubeIDE/plugins/com.st.stm32cube.ide.mcu.externaltools.gnu-tools-for-stm32.11.3.rel1.win32_1.1.0.202305231506/tools/bin/../lib/gcc/arm-none-eabi/11.3.1/thumb/v7e-m+fp/hard\libgcc.a
LOAD C:/STM/STM32CubeIDE_1.13.1/STM32CubeIDE/plugins/com.st.stm32cube.ide.mcu.externaltools.gnu-tools-for-stm32.11.3.rel1.win32_1.1.0.202305231506/tools/bin/../lib/gcc/arm-none-eabi/11.3.1/../../../../arm-none-eabi/lib/thumb/v7e-m+fp/hard\libc_nano.a
LOAD C:/STM/STM32CubeIDE_1.13.1/STM32CubeIDE/plugins/com.st.stm32cube.ide.mcu.externaltools.gnu-tools-for-stm32.11.3.rel1.win32_1.1.0.202305231506/tools/bin/../lib/gcc/arm-none-eabi/11.3.1/../../../../arm-none-eabi/lib/thumb/v7e-m+fp/hard\libnosys.a
END GROUP
LOAD C:/STM/STM32CubeIDE_1.13.1/STM32CubeIDE/plugins/com.st.stm32cube.ide.mcu.externaltools.gnu-tools-for-stm32.11.3.rel1.win32_1.1.0.202305231506/tools/bin/../lib/gcc/arm-none-eabi/11.3.1/thumb/v7e-m+fp/hard/crtend.o
LOAD C:/STM/STM32CubeIDE_1.13.1/STM32CubeIDE/plugins/com.st.stm32cube.ide.mcu.externaltools.gnu-tools-for-stm32.11.3.rel1.win32_1.1.0.202305231506/tools/bin/../lib/gcc/arm-none-eabi/11.3.1/thumb/v7e-m+fp/hard/crtn.o
                0x0000000020050000                _estack = 0x20050000
                0x0000000000000000                _Min_Heap_Size = 0x0
                0x0000000000000400                _Min_Stack_Size = 0x400

.isr_vector     0x0000000008000000      0x1c8
                0x0000000008000000                . = ALIGN (0x4)
 *(.isr_vector)
 .isr_vector    0x0000000008000000      0x1c8 ./cmsis/device/src/startup_stm32f746xx.o
                0x0000000008000000                g_pfnVectors
                0x00000000080001c8                . = ALIGN (0x4)

.text           0x00000000080001c8     0x1f44
                0x00000000080001c8                . = ALIGN (0x4)
 *(.text)
 .text          0x00000000080001c8       0x40 C:/STM/STM32CubeIDE_1.13.1/STM32CubeIDE/plugins/com.st.stm32cube.ide.mcu.externaltools.gnu-tools-for-stm32.11.3.rel1.win32_1.1.0.202305231506/tools/bin/../lib/gcc/arm-none-eabi/11.3.1/thumb/v7e-m+fp/hard/crtbegin.o
 *(.text*)
 .text.main     0x0000000008000208      0x114 ./app/src/main.o
                0x0000000008000208                main
 .text.SystemClock_Config
                0x000000000800031c      0x19c ./app/src/main.o
 .text.printchar
                0x00000000080004b8       0x4c ./app/src/printf-stdarg.o
 .text.prints   0x0000000008000504       0xb0 ./app/src/printf-stdarg.o
 .text.printi   0x00000000080005b4       0xd8 ./app/src/printf-stdarg.o
 .text.print    0x000000000800068c      0x1c8 ./app/src/printf-stdarg.o
 .text.my_printf
                0x0000000008000854       0x28 ./app/src/printf-stdarg.o
                0x0000000008000854                my_printf
 .text.NMI_Handler
                0x000000000800087c        0xe ./app/src/stm32f7xx_it.o
                0x000000000800087c                NMI_Handler
 .text.HardFault_Handler
                0x000000000800088a        0x6 ./app/src/stm32f7xx_it.o
                0x000000000800088a                HardFault_Handler
 .text.MemManage_Handler
                0x0000000008000890        0x6 ./app/src/stm32f7xx_it.o
                0x0000000008000890                MemManage_Handler
 .text.BusFault_Handler
                0x0000000008000896        0x6 ./app/src/stm32f7xx_it.o
                0x0000000008000896                BusFault_Handler
 .text.UsageFault_Handler
                0x000000000800089c        0x6 ./app/src/stm32f7xx_it.o
                0x000000000800089c                UsageFault_Handler
 .text.SVC_Handler
                0x00000000080008a2        0xe ./app/src/stm32f7xx_it.o
                0x00000000080008a2                SVC_Handler
 .text.DebugMon_Handler
                0x00000000080008b0        0xe ./app/src/stm32f7xx_it.o
                0x00000000080008b0                DebugMon_Handler
 .text.PendSV_Handler
                0x00000000080008be        0xe ./app/src/stm32f7xx_it.o
                0x00000000080008be                PendSV_Handler
 .text.SysTick_Handler
                0x00000000080008cc        0xe ./app/src/stm32f7xx_it.o
                0x00000000080008cc                SysTick_Handler
 *fill*         0x00000000080008da        0x2 
 .text.BSP_LED_Init
                0x00000000080008dc       0x78 ./bsp/src/bsp.o
                0x00000000080008dc                BSP_LED_Init
 .text.BSP_LED_On
                0x0000000008000954       0x48 ./bsp/src/bsp.o
                0x0000000008000954                BSP_LED_On
 .text.BSP_LED_Off
                0x000000000800099c       0x4c ./bsp/src/bsp.o
                0x000000000800099c                BSP_LED_Off
 .text.BSP_LED_Toggle
                0x00000000080009e8       0x58 ./bsp/src/bsp.o
                0x00000000080009e8                BSP_LED_Toggle
 .text.BSP_PB_Init
                0x0000000008000a40       0x44 ./bsp/src/bsp.o
                0x0000000008000a40                BSP_PB_Init
 .text.BSP_PB_GetState
                0x0000000008000a84       0x30 ./bsp/src/bsp.o
                0x0000000008000a84                BSP_PB_GetState
 .text.BSP_Console_Init
                0x0000000008000ab4       0xa0 ./bsp/src/bsp.o
                0x0000000008000ab4                BSP_Console_Init
 .text.delay_ms
                0x0000000008000b54       0x32 ./bsp/src/delay.o
                0x0000000008000b54                delay_ms
 *fill*         0x0000000008000b86        0x2 
 .text.__NVIC_EnableIRQ
                0x0000000008000b88       0x3c ./bsp/src/usb.o
 .text.__NVIC_SetPriority
                0x0000000008000bc4       0x54 ./bsp/src/usb.o
 .text.BSP_USB_Send
                0x0000000008000c18       0xac ./bsp/src/usb.o
                0x0000000008000c18                BSP_USB_Send
 .text.BSP_USB_Core_Init
                0x0000000008000cc4      0x398 ./bsp/src/usb.o
                0x0000000008000cc4                BSP_USB_Core_Init
 .text.OTG_FS_IRQHandler
                0x000000000800105c      0x654 ./bsp/src/usb.o
                0x000000000800105c                OTG_FS_IRQHandler
 .text.USB_Reset_Event_Handler
                0x00000000080016b0       0xe0 ./bsp/src/usb.o
 .text.USB_Setup_Packet_Handler
                0x0000000008001790      0x704 ./bsp/src/usb.o
 .text.USB_FIFO_Read
                0x0000000008001e94       0x62 ./bsp/src/usb.o
 .text.USB_FIFO_Write
                0x0000000008001ef6       0x3c ./bsp/src/usb.o
 *fill*         0x0000000008001f32        0x2 
 .text.Reset_Handler
                0x0000000008001f34       0x50 ./cmsis/device/src/startup_stm32f746xx.o
                0x0000000008001f34                Reset_Handler
 .text.Default_Handler
                0x0000000008001f84        0x2 ./cmsis/device/src/startup_stm32f746xx.o
                0x0000000008001f84                RTC_Alarm_IRQHandler
                0x0000000008001f84                EXTI2_IRQHandler
                0x0000000008001f84                TIM8_CC_IRQHandler
                0x0000000008001f84                UART8_IRQHandler
                0x0000000008001f84                SPI4_IRQHandler
                0x0000000008001f84                TIM1_CC_IRQHandler
                0x0000000008001f84                DMA2_Stream5_IRQHandler
                0x0000000008001f84                DMA1_Stream5_IRQHandler
                0x0000000008001f84                PVD_IRQHandler
                0x0000000008001f84                TAMP_STAMP_IRQHandler
                0x0000000008001f84                CAN2_RX1_IRQHandler
                0x0000000008001f84                EXTI3_IRQHandler
                0x0000000008001f84                TIM8_TRG_COM_TIM14_IRQHandler
                0x0000000008001f84                TIM1_UP_TIM10_IRQHandler
                0x0000000008001f84                TIM8_UP_TIM13_IRQHandler
                0x0000000008001f84                I2C3_ER_IRQHandler
                0x0000000008001f84                EXTI0_IRQHandler
                0x0000000008001f84                I2C2_EV_IRQHandler
                0x0000000008001f84                DMA1_Stream2_IRQHandler
                0x0000000008001f84                CAN1_RX0_IRQHandler
                0x0000000008001f84                FPU_IRQHandler
                0x0000000008001f84                OTG_HS_WKUP_IRQHandler
                0x0000000008001f84                LTDC_ER_IRQHandler
                0x0000000008001f84                CAN2_SCE_IRQHandler
                0x0000000008001f84                DMA2_Stream2_IRQHandler
                0x0000000008001f84                SPI1_IRQHandler
                0x0000000008001f84                TIM6_DAC_IRQHandler
                0x0000000008001f84                TIM1_BRK_TIM9_IRQHandler
                0x0000000008001f84                DCMI_IRQHandler
                0x0000000008001f84                CAN2_RX0_IRQHandler
                0x0000000008001f84                DMA2_Stream3_IRQHandler
                0x0000000008001f84                SAI2_IRQHandler
                0x0000000008001f84                USART6_IRQHandler
                0x0000000008001f84                USART3_IRQHandler
                0x0000000008001f84                CAN1_RX1_IRQHandler
                0x0000000008001f84                UART5_IRQHandler
                0x0000000008001f84                DMA2_Stream0_IRQHandler
                0x0000000008001f84                TIM4_IRQHandler
                0x0000000008001f84                QUADSPI_IRQHandler
                0x0000000008001f84                I2C1_EV_IRQHandler
                0x0000000008001f84                DMA1_Stream6_IRQHandler
                0x0000000008001f84                DMA1_Stream1_IRQHandler
                0x0000000008001f84                UART4_IRQHandler
                0x0000000008001f84                TIM3_IRQHandler
                0x0000000008001f84                RCC_IRQHandler
                0x0000000008001f84                TIM8_BRK_TIM12_IRQHandler
                0x0000000008001f84                Default_Handler
                0x0000000008001f84                CEC_IRQHandler
                0x0000000008001f84                EXTI15_10_IRQHandler
                0x0000000008001f84                ADC_IRQHandler
                0x0000000008001f84                DMA1_Stream7_IRQHandler
                0x0000000008001f84                SPI5_IRQHandler
                0x0000000008001f84                TIM7_IRQHandler
                0x0000000008001f84                SDMMC1_IRQHandler
                0x0000000008001f84                CAN2_TX_IRQHandler
                0x0000000008001f84                TIM5_IRQHandler
                0x0000000008001f84                DMA2_Stream7_IRQHandler
                0x0000000008001f84                I2C3_EV_IRQHandler
                0x0000000008001f84                EXTI9_5_IRQHandler
                0x0000000008001f84                RTC_WKUP_IRQHandler
                0x0000000008001f84                LTDC_IRQHandler
                0x0000000008001f84                ETH_WKUP_IRQHandler
                0x0000000008001f84                SPDIF_RX_IRQHandler
                0x0000000008001f84                SPI2_IRQHandler
                0x0000000008001f84                OTG_HS_EP1_IN_IRQHandler
                0x0000000008001f84                DMA1_Stream0_IRQHandler
                0x0000000008001f84                CAN1_TX_IRQHandler
                0x0000000008001f84                EXTI4_IRQHandler
                0x0000000008001f84                RNG_IRQHandler
                0x0000000008001f84                ETH_IRQHandler
                0x0000000008001f84                OTG_HS_EP1_OUT_IRQHandler
                0x0000000008001f84                WWDG_IRQHandler
                0x0000000008001f84                SPI6_IRQHandler
                0x0000000008001f84                I2C4_EV_IRQHandler
                0x0000000008001f84                TIM2_IRQHandler
                0x0000000008001f84                OTG_FS_WKUP_IRQHandler
                0x0000000008001f84                TIM1_TRG_COM_TIM11_IRQHandler
                0x0000000008001f84                OTG_HS_IRQHandler
                0x0000000008001f84                DMA2D_IRQHandler
                0x0000000008001f84                EXTI1_IRQHandler
                0x0000000008001f84                UART7_IRQHandler
                0x0000000008001f84                USART2_IRQHandler
                0x0000000008001f84                I2C2_ER_IRQHandler
                0x0000000008001f84                DMA2_Stream1_IRQHandler
                0x0000000008001f84                CAN1_SCE_IRQHandler
                0x0000000008001f84                FLASH_IRQHandler
                0x0000000008001f84                DMA2_Stream4_IRQHandler
                0x0000000008001f84                USART1_IRQHandler
                0x0000000008001f84                SPI3_IRQHandler
                0x0000000008001f84                DMA1_Stream4_IRQHandler
                0x0000000008001f84                I2C1_ER_IRQHandler
                0x0000000008001f84                FMC_IRQHandler
                0x0000000008001f84                LPTIM1_IRQHandler
                0x0000000008001f84                I2C4_ER_IRQHandler
                0x0000000008001f84                DMA2_Stream6_IRQHandler
                0x0000000008001f84                SAI1_IRQHandler
                0x0000000008001f84                DMA1_Stream3_IRQHandler
 *fill*         0x0000000008001f86        0x2 
 .text.SystemInit
                0x0000000008001f88       0x24 ./cmsis/device/src/system_stm32f7xx.o
                0x0000000008001f88                SystemInit
 .text.SystemCoreClockUpdate
                0x0000000008001fac      0x100 ./cmsis/device/src/system_stm32f7xx.o
                0x0000000008001fac                SystemCoreClockUpdate
 .text.__libc_init_array
                0x00000000080020ac       0x48 C:/STM/STM32CubeIDE_1.13.1/STM32CubeIDE/plugins/com.st.stm32cube.ide.mcu.externaltools.gnu-tools-for-stm32.11.3.rel1.win32_1.1.0.202305231506/tools/bin/../lib/gcc/arm-none-eabi/11.3.1/../../../../arm-none-eabi/lib/thumb/v7e-m+fp/hard\libc_nano.a(libc_a-init.o)
                0x00000000080020ac                __libc_init_array
 *(.glue_7)
 .glue_7        0x00000000080020f4        0x0 linker stubs
 *(.glue_7t)
 .glue_7t       0x00000000080020f4        0x0 linker stubs
 *(.eh_frame)
 .eh_frame      0x00000000080020f4        0x0 C:/STM/STM32CubeIDE_1.13.1/STM32CubeIDE/plugins/com.st.stm32cube.ide.mcu.externaltools.gnu-tools-for-stm32.11.3.rel1.win32_1.1.0.202305231506/tools/bin/../lib/gcc/arm-none-eabi/11.3.1/thumb/v7e-m+fp/hard/crtbegin.o
 *(.init)
 .init          0x00000000080020f4        0x4 C:/STM/STM32CubeIDE_1.13.1/STM32CubeIDE/plugins/com.st.stm32cube.ide.mcu.externaltools.gnu-tools-for-stm32.11.3.rel1.win32_1.1.0.202305231506/tools/bin/../lib/gcc/arm-none-eabi/11.3.1/thumb/v7e-m+fp/hard/crti.o
                0x00000000080020f4                _init
 .init          0x00000000080020f8        0x8 C:/STM/STM32CubeIDE_1.13.1/STM32CubeIDE/plugins/com.st.stm32cube.ide.mcu.externaltools.gnu-tools-for-stm32.11.3.rel1.win32_1.1.0.202305231506/tools/bin/../lib/gcc/arm-none-eabi/11.3.1/thumb/v7e-m+fp/hard/crtn.o
 *(.fini)
 .fini          0x0000000008002100        0x4 C:/STM/STM32CubeIDE_1.13.1/STM32CubeIDE/plugins/com.st.stm32cube.ide.mcu.externaltools.gnu-tools-for-stm32.11.3.rel1.win32_1.1.0.202305231506/tools/bin/../lib/gcc/arm-none-eabi/11.3.1/thumb/v7e-m+fp/hard/crti.o
                0x0000000008002100                _fini
 .fini          0x0000000008002104        0x8 C:/STM/STM32CubeIDE_1.13.1/STM32CubeIDE/plugins/com.st.stm32cube.ide.mcu.externaltools.gnu-tools-for-stm32.11.3.rel1.win32_1.1.0.202305231506/tools/bin/../lib/gcc/arm-none-eabi/11.3.1/thumb/v7e-m+fp/hard/crtn.o
                0x000000000800210c                . = ALIGN (0x4)
                0x000000000800210c                _etext = .

.vfp11_veneer   0x000000000800210c        0x0
 .vfp11_veneer  0x000000000800210c        0x0 linker stubs

.v4_bx          0x000000000800210c        0x0
 .v4_bx         0x000000000800210c        0x0 linker stubs

.iplt           0x000000000800210c        0x0
 .iplt          0x000000000800210c        0x0 C:/STM/STM32CubeIDE_1.13.1/STM32CubeIDE/plugins/com.st.stm32cube.ide.mcu.externaltools.gnu-tools-for-stm32.11.3.rel1.win32_1.1.0.202305231506/tools/bin/../lib/gcc/arm-none-eabi/11.3.1/thumb/v7e-m+fp/hard/crtbegin.o

.rodata         0x000000000800210c      0x2b8
                0x000000000800210c                . = ALIGN (0x4)
 *(.rodata)
 .rodata        0x000000000800210c       0x94 ./app/src/main.o
 .rodata        0x00000000080021a0        0x7 ./app/src/printf-stdarg.o
 *fill*         0x00000000080021a7        0x1 
 .rodata        0x00000000080021a8      0x20c ./bsp/src/usb.o
 *(.rodata*)
 .rodata.AHBPrescTable
                0x00000000080023b4       0x10 ./cmsis/device/src/system_stm32f7xx.o
                0x00000000080023b4                AHBPrescTable
                0x00000000080023c4                . = ALIGN (0x4)

.rel.dyn        0x00000000080023c4        0x0
 .rel.iplt      0x00000000080023c4        0x0 C:/STM/STM32CubeIDE_1.13.1/STM32CubeIDE/plugins/com.st.stm32cube.ide.mcu.externaltools.gnu-tools-for-stm32.11.3.rel1.win32_1.1.0.202305231506/tools/bin/../lib/gcc/arm-none-eabi/11.3.1/thumb/v7e-m+fp/hard/crtbegin.o

.ARM.extab
 *(.ARM.extab* .gnu.linkonce.armextab.*)

.ARM            0x00000000080023c4        0x0
                0x00000000080023c4                __exidx_start = .
 *(.ARM.exidx*)
                0x00000000080023c4                __exidx_end = .

.preinit_array  0x00000000080023c4        0x0
                0x00000000080023c4                PROVIDE (__preinit_array_start = .)
 *(.preinit_array*)
                0x00000000080023c4                PROVIDE (__preinit_array_end = .)

.init_array     0x00000000080023c4        0x4
                0x00000000080023c4                PROVIDE (__init_array_start = .)
 *(SORT_BY_NAME(.init_array.*))
 *(.init_array*)
 .init_array    0x00000000080023c4        0x4 C:/STM/STM32CubeIDE_1.13.1/STM32CubeIDE/plugins/com.st.stm32cube.ide.mcu.externaltools.gnu-tools-for-stm32.11.3.rel1.win32_1.1.0.202305231506/tools/bin/../lib/gcc/arm-none-eabi/11.3.1/thumb/v7e-m+fp/hard/crtbegin.o
                0x00000000080023c8                PROVIDE (__init_array_end = .)

.fini_array     0x00000000080023c8        0x4
                [!provide]                        PROVIDE (__fini_array_start = .)
 *(SORT_BY_NAME(.fini_array.*))
 *(.fini_array*)
 .fini_array    0x00000000080023c8        0x4 C:/STM/STM32CubeIDE_1.13.1/STM32CubeIDE/plugins/com.st.stm32cube.ide.mcu.externaltools.gnu-tools-for-stm32.11.3.rel1.win32_1.1.0.202305231506/tools/bin/../lib/gcc/arm-none-eabi/11.3.1/thumb/v7e-m+fp/hard/crtbegin.o
                [!provide]                        PROVIDE (__fini_array_end = .)
                0x00000000080023cc                _sidata = LOADADDR (.data)

.data           0x0000000020010000       0xe4 load address 0x00000000080023cc
                0x0000000020010000                . = ALIGN (0x4)
                0x0000000020010000                _sdata = .
 *(.data)
 *(.data*)
 .data.devDesc  0x0000000020010000       0x12 ./bsp/src/usb.o
                0x0000000020010000                devDesc
 *fill*         0x0000000020010012        0x2 
 .data.strDesc0
                0x0000000020010014        0x4 ./bsp/src/usb.o
                0x0000000020010014                strDesc0
 .data.strDesc1
                0x0000000020010018       0x26 ./bsp/src/usb.o
                0x0000000020010018                strDesc1
 *fill*         0x000000002001003e        0x2 
 .data.strDesc2
                0x0000000020010040       0x2c ./bsp/src/usb.o
                0x0000000020010040                strDesc2
 .data.strDesc3
                0x000000002001006c       0x1a ./bsp/src/usb.o
                0x000000002001006c                strDesc3
 *fill*         0x0000000020010086        0x2 
 .data.cfgDesc  0x0000000020010088       0x43 ./bsp/src/usb.o
                0x0000000020010088                cfgDesc
 *fill*         0x00000000200100cb        0x1 
 .data.devQualDesc
                0x00000000200100cc        0xa ./bsp/src/usb.o
                0x00000000200100cc                devQualDesc
 *fill*         0x00000000200100d6        0x2 
 .data.usb_cdc_line_coding
                0x00000000200100d8        0x7 ./bsp/src/usb.o
                0x00000000200100d8                usb_cdc_line_coding
 *fill*         0x00000000200100df        0x1 
 .data.SystemCoreClock
                0x00000000200100e0        0x4 ./cmsis/device/src/system_stm32f7xx.o
                0x00000000200100e0                SystemCoreClock
                0x00000000200100e4                . = ALIGN (0x4)
                0x00000000200100e4                _edata = .
                0x00000000080024b0                _sidtcmram = LOADADDR (.dtcmram)

.igot.plt       0x00000000200100e4        0x0 load address 0x00000000080024b0
 .igot.plt      0x00000000200100e4        0x0 C:/STM/STM32CubeIDE_1.13.1/STM32CubeIDE/plugins/com.st.stm32cube.ide.mcu.externaltools.gnu-tools-for-stm32.11.3.rel1.win32_1.1.0.202305231506/tools/bin/../lib/gcc/arm-none-eabi/11.3.1/thumb/v7e-m+fp/hard/crtbegin.o

.dtcmram        0x0000000020000000        0x0 load address 0x00000000080024b0
                0x0000000020000000                . = ALIGN (0x4)
                0x0000000020000000                _sdtcmram = .
 *(.dtcmram)
 *(.dtcmram*)
                0x0000000020000000                . = ALIGN (0x4)
                0x0000000020000000                _edtcmram = .
                0x00000000080024b0                _sisram2 = LOADADDR (.sram2)

.sram2          0x000000002004c000        0x0 load address 0x00000000080024b0
                0x000000002004c000                . = ALIGN (0x4)
                0x000000002004c000                _ssram2 = .
 *(.sram2)
 *(.sram2*)
                0x000000002004c000                . = ALIGN (0x4)
                0x000000002004c000                _esram2 = .
                0x000000002004c000                . = ALIGN (0x4)

.bss            0x00000000200100e4       0xc0
                0x00000000200100e4                _sbss = .
                0x00000000200100e4                __bss_start__ = _sbss
 *(.bss)
 .bss           0x00000000200100e4       0x1c C:/STM/STM32CubeIDE_1.13.1/STM32CubeIDE/plugins/com.st.stm32cube.ide.mcu.externaltools.gnu-tools-for-stm32.11.3.rel1.win32_1.1.0.202305231506/tools/bin/../lib/gcc/arm-none-eabi/11.3.1/thumb/v7e-m+fp/hard/crtbegin.o
 *(.bss*)
 .bss.g_usb_packet
                0x0000000020010100        0x6 ./bsp/src/usb.o
                0x0000000020010100                g_usb_packet
 *fill*         0x0000000020010106        0x2 
 .bss.g_usb_setup_packet
                0x0000000020010108        0x8 ./bsp/src/usb.o
                0x0000000020010108                g_usb_setup_packet
 .bss.g_usb_in_ctrl
                0x0000000020010110        0xc ./bsp/src/usb.o
                0x0000000020010110                g_usb_in_ctrl
 .bss.g_usb_out_ctrl
                0x000000002001011c        0x2 ./bsp/src/usb.o
                0x000000002001011c                g_usb_out_ctrl
 *fill*         0x000000002001011e        0x2 
 .bss.g_usb     0x0000000020010120       0x83 ./bsp/src/usb.o
                0x0000000020010120                g_usb
 *(COMMON)
                0x00000000200101a4                . = ALIGN (0x4)
 *fill*         0x00000000200101a3        0x1 
                0x00000000200101a4                _ebss = .
                0x00000000200101a4                __bss_end__ = _ebss

._user_heap_stack
                0x00000000200101a4      0x400
                0x00000000200101a4                . = ALIGN (0x4)
                [!provide]                        PROVIDE (end = .)
                0x00000000200101a4                PROVIDE (_end = .)
                0x00000000200101a4                . = (. + _Min_Heap_Size)
                0x00000000200105a4                . = (. + _Min_Stack_Size)
 *fill*         0x00000000200101a4      0x400 
                0x00000000200105a4                . = ALIGN (0x4)

.memory_b1_text
 *(.mb1text)
 *(.mb1text*)
 *(.mb1rodata)
 *(.mb1rodata*)

/DISCARD/
 libc.a(*)
 libm.a(*)
 libgcc.a(*)

.ARM.attributes
                0x0000000000000000       0x30
 *(.ARM.attributes)
 .ARM.attributes
                0x0000000000000000       0x1e C:/STM/STM32CubeIDE_1.13.1/STM32CubeIDE/plugins/com.st.stm32cube.ide.mcu.externaltools.gnu-tools-for-stm32.11.3.rel1.win32_1.1.0.202305231506/tools/bin/../lib/gcc/arm-none-eabi/11.3.1/thumb/v7e-m+fp/hard/crti.o
 .ARM.attributes
                0x000000000000001e       0x34 C:/STM/STM32CubeIDE_1.13.1/STM32CubeIDE/plugins/com.st.stm32cube.ide.mcu.externaltools.gnu-tools-for-stm32.11.3.rel1.win32_1.1.0.202305231506/tools/bin/../lib/gcc/arm-none-eabi/11.3.1/thumb/v7e-m+fp/hard/crtbegin.o
 .ARM.attributes
                0x0000000000000052       0x34 ./app/src/main.o
 .ARM.attributes
                0x0000000000000086       0x34 ./app/src/printf-stdarg.o
 .ARM.attributes
                0x00000000000000ba       0x34 ./app/src/stm32f7xx_it.o
 .ARM.attributes
                0x00000000000000ee       0x34 ./bsp/src/bsp.o
 .ARM.attributes
                0x0000000000000122       0x34 ./bsp/src/delay.o
 .ARM.attributes
                0x0000000000000156       0x34 ./bsp/src/usb.o
 .ARM.attributes
                0x000000000000018a       0x21 ./cmsis/device/src/startup_stm32f746xx.o
 .ARM.attributes
                0x00000000000001ab       0x34 ./cmsis/device/src/system_stm32f7xx.o
 .ARM.attributes
                0x00000000000001df       0x34 C:/STM/STM32CubeIDE_1.13.1/STM32CubeIDE/plugins/com.st.stm32cube.ide.mcu.externaltools.gnu-tools-for-stm32.11.3.rel1.win32_1.1.0.202305231506/tools/bin/../lib/gcc/arm-none-eabi/11.3.1/../../../../arm-none-eabi/lib/thumb/v7e-m+fp/hard\libc_nano.a(libc_a-init.o)
 .ARM.attributes
                0x0000000000000213       0x1e C:/STM/STM32CubeIDE_1.13.1/STM32CubeIDE/plugins/com.st.stm32cube.ide.mcu.externaltools.gnu-tools-for-stm32.11.3.rel1.win32_1.1.0.202305231506/tools/bin/../lib/gcc/arm-none-eabi/11.3.1/thumb/v7e-m+fp/hard/crtn.o
OUTPUT(Nucleo_F746_USB_CDC.elf elf32-littlearm)
LOAD linker stubs
LOAD C:/STM/STM32CubeIDE_1.13.1/STM32CubeIDE/plugins/com.st.stm32cube.ide.mcu.externaltools.gnu-tools-for-stm32.11.3.rel1.win32_1.1.0.202305231506/tools/bin/../lib/gcc/arm-none-eabi/11.3.1/../../../../arm-none-eabi/lib/thumb/v7e-m+fp/hard\libc.a
LOAD C:/STM/STM32CubeIDE_1.13.1/STM32CubeIDE/plugins/com.st.stm32cube.ide.mcu.externaltools.gnu-tools-for-stm32.11.3.rel1.win32_1.1.0.202305231506/tools/bin/../lib/gcc/arm-none-eabi/11.3.1/../../../../arm-none-eabi/lib/thumb/v7e-m+fp/hard\libm.a
LOAD C:/STM/STM32CubeIDE_1.13.1/STM32CubeIDE/plugins/com.st.stm32cube.ide.mcu.externaltools.gnu-tools-for-stm32.11.3.rel1.win32_1.1.0.202305231506/tools/bin/../lib/gcc/arm-none-eabi/11.3.1/thumb/v7e-m+fp/hard\libgcc.a

.comment        0x0000000000000000       0x43
 .comment       0x0000000000000000       0x43 C:/STM/STM32CubeIDE_1.13.1/STM32CubeIDE/plugins/com.st.stm32cube.ide.mcu.externaltools.gnu-tools-for-stm32.11.3.rel1.win32_1.1.0.202305231506/tools/bin/../lib/gcc/arm-none-eabi/11.3.1/thumb/v7e-m+fp/hard/crtbegin.o
                                         0x44 (size before relaxing)
 .comment       0x0000000000000043       0x44 ./app/src/main.o
 .comment       0x0000000000000043       0x44 ./app/src/printf-stdarg.o
 .comment       0x0000000000000043       0x44 ./app/src/stm32f7xx_it.o
 .comment       0x0000000000000043       0x44 ./bsp/src/bsp.o
 .comment       0x0000000000000043       0x44 ./bsp/src/delay.o
 .comment       0x0000000000000043       0x44 ./bsp/src/usb.o
 .comment       0x0000000000000043       0x44 ./cmsis/device/src/system_stm32f7xx.o

.debug_info     0x0000000000000000     0x2ae0
 .debug_info    0x0000000000000000      0x4c2 ./app/src/main.o
 .debug_info    0x00000000000004c2      0x421 ./app/src/printf-stdarg.o
 .debug_info    0x00000000000008e3      0x101 ./app/src/stm32f7xx_it.o
 .debug_info    0x00000000000009e4      0x43d ./bsp/src/bsp.o
 .debug_info    0x0000000000000e21       0xe3 ./bsp/src/delay.o
 .debug_info    0x0000000000000f04     0x14d3 ./bsp/src/usb.o
 .debug_info    0x00000000000023d7       0x23 ./cmsis/device/src/startup_stm32f746xx.o
 .debug_info    0x00000000000023fa      0x6e6 ./cmsis/device/src/system_stm32f7xx.o

.debug_abbrev   0x0000000000000000      0x8dd
 .debug_abbrev  0x0000000000000000      0x1a7 ./app/src/main.o
 .debug_abbrev  0x00000000000001a7      0x184 ./app/src/printf-stdarg.o
 .debug_abbrev  0x000000000000032b       0x47 ./app/src/stm32f7xx_it.o
 .debug_abbrev  0x0000000000000372      0x115 ./bsp/src/bsp.o
 .debug_abbrev  0x0000000000000487       0x95 ./bsp/src/delay.o
 .debug_abbrev  0x000000000000051c      0x274 ./bsp/src/usb.o
 .debug_abbrev  0x0000000000000790       0x12 ./cmsis/device/src/startup_stm32f746xx.o
 .debug_abbrev  0x00000000000007a2      0x13b ./cmsis/device/src/system_stm32f7xx.o

.debug_aranges  0x0000000000000000      0x1f8
 .debug_aranges
                0x0000000000000000       0x28 ./app/src/main.o
 .debug_aranges
                0x0000000000000028       0x48 ./app/src/printf-stdarg.o
 .debug_aranges
                0x0000000000000070       0x60 ./app/src/stm32f7xx_it.o
 .debug_aranges
                0x00000000000000d0       0x50 ./bsp/src/bsp.o
 .debug_aranges
                0x0000000000000120       0x28 ./bsp/src/delay.o
 .debug_aranges
                0x0000000000000148       0x60 ./bsp/src/usb.o
 .debug_aranges
                0x00000000000001a8       0x28 ./cmsis/device/src/startup_stm32f746xx.o
 .debug_aranges
                0x00000000000001d0       0x28 ./cmsis/device/src/system_stm32f7xx.o

.debug_rnglists
                0x0000000000000000      0x15e
 .debug_rnglists
                0x0000000000000000       0x1b ./app/src/main.o
 .debug_rnglists
                0x000000000000001b       0x34 ./app/src/printf-stdarg.o
 .debug_rnglists
                0x000000000000004f       0x43 ./app/src/stm32f7xx_it.o
 .debug_rnglists
                0x0000000000000092       0x38 ./bsp/src/bsp.o
 .debug_rnglists
                0x00000000000000ca       0x19 ./bsp/src/delay.o
 .debug_rnglists
                0x00000000000000e3       0x48 ./bsp/src/usb.o
 .debug_rnglists
                0x000000000000012b       0x19 ./cmsis/device/src/startup_stm32f746xx.o
 .debug_rnglists
                0x0000000000000144       0x1a ./cmsis/device/src/system_stm32f7xx.o

.debug_macro    0x0000000000000000    0x1be8e
 .debug_macro   0x0000000000000000      0x118 ./app/src/main.o
 .debug_macro   0x0000000000000118      0xa9c ./app/src/main.o
 .debug_macro   0x0000000000000bb4       0x2e ./app/src/main.o
 .debug_macro   0x0000000000000be2       0x3b ./app/src/main.o
 .debug_macro   0x0000000000000c1d       0x22 ./app/src/main.o
 .debug_macro   0x0000000000000c3f       0x8e ./app/src/main.o
 .debug_macro   0x0000000000000ccd       0x51 ./app/src/main.o
 .debug_macro   0x0000000000000d1e      0x103 ./app/src/main.o
 .debug_macro   0x0000000000000e21       0x6a ./app/src/main.o
 .debug_macro   0x0000000000000e8b      0x1df ./app/src/main.o
 .debug_macro   0x000000000000106a       0x1c ./app/src/main.o
 .debug_macro   0x0000000000001086       0x22 ./app/src/main.o
 .debug_macro   0x00000000000010a8       0xd9 ./app/src/main.o
 .debug_macro   0x0000000000001181     0x12cd ./app/src/main.o
 .debug_macro   0x000000000000244e      0x11f ./app/src/main.o
 .debug_macro   0x000000000000256d       0x19 ./app/src/main.o
 .debug_macro   0x0000000000002586    0x191cb ./app/src/main.o
 .debug_macro   0x000000000001b751       0x43 ./app/src/main.o
 .debug_macro   0x000000000001b794       0x1c ./app/src/main.o
 .debug_macro   0x000000000001b7b0       0x8e ./app/src/main.o
 .debug_macro   0x000000000001b83e       0xe7 ./app/src/printf-stdarg.o
 .debug_macro   0x000000000001b925       0x58 ./app/src/printf-stdarg.o
 .debug_macro   0x000000000001b97d       0xfc ./app/src/stm32f7xx_it.o
 .debug_macro   0x000000000001ba79       0xd5 ./bsp/src/bsp.o
 .debug_macro   0x000000000001bb4e       0xd6 ./bsp/src/delay.o
 .debug_macro   0x000000000001bc24      0x192 ./bsp/src/usb.o
 .debug_macro   0x000000000001bdb6       0xd8 ./cmsis/device/src/system_stm32f7xx.o

.debug_line     0x0000000000000000     0x370e
 .debug_line    0x0000000000000000      0x741 ./app/src/main.o
 .debug_line    0x0000000000000741      0x82a ./app/src/printf-stdarg.o
 .debug_line    0x0000000000000f6b      0x64a ./app/src/stm32f7xx_it.o
 .debug_line    0x00000000000015b5      0x67d ./bsp/src/bsp.o
 .debug_line    0x0000000000001c32      0x590 ./bsp/src/delay.o
 .debug_line    0x00000000000021c2      0xf28 ./bsp/src/usb.o
 .debug_line    0x00000000000030ea       0x7a ./cmsis/device/src/startup_stm32f746xx.o
 .debug_line    0x0000000000003164      0x5aa ./cmsis/device/src/system_stm32f7xx.o

.debug_str      0x0000000000000000    0x9c211
 .debug_str     0x0000000000000000    0x9af81 ./app/src/main.o
                                      0x9b121 (size before relaxing)
 .debug_str     0x000000000009af81      0x1cc ./app/src/printf-stdarg.o
                                      0x9ada1 (size before relaxing)
 .debug_str     0x000000000009b14d       0xaa ./app/src/stm32f7xx_it.o
                                      0x9aef0 (size before relaxing)
 .debug_str     0x000000000009b1f7       0x49 ./bsp/src/bsp.o
                                      0x9ada7 (size before relaxing)
 .debug_str     0x000000000009b240       0x22 ./bsp/src/delay.o
                                      0x9abc8 (size before relaxing)
 .debug_str     0x000000000009b262      0xed3 ./bsp/src/usb.o
                                      0x9bf73 (size before relaxing)
 .debug_str     0x000000000009c135       0x36 ./cmsis/device/src/startup_stm32f746xx.o
                                         0x68 (size before relaxing)
 .debug_str     0x000000000009c16b       0xa6 ./cmsis/device/src/system_stm32f7xx.o
                                      0x9ae9f (size before relaxing)

.debug_frame    0x0000000000000000      0x608
 .debug_frame   0x0000000000000000       0x54 ./app/src/main.o
 .debug_frame   0x0000000000000054      0x138 ./app/src/printf-stdarg.o
 .debug_frame   0x000000000000018c      0x110 ./app/src/stm32f7xx_it.o
 .debug_frame   0x000000000000029c      0x110 ./bsp/src/bsp.o
 .debug_frame   0x00000000000003ac       0x60 ./bsp/src/delay.o
 .debug_frame   0x000000000000040c      0x178 ./bsp/src/usb.o
 .debug_frame   0x0000000000000584       0x58 ./cmsis/device/src/system_stm32f7xx.o
 .debug_frame   0x00000000000005dc       0x2c C:/STM/STM32CubeIDE_1.13.1/STM32CubeIDE/plugins/com.st.stm32cube.ide.mcu.externaltools.gnu-tools-for-stm32.11.3.rel1.win32_1.1.0.202305231506/tools/bin/../lib/gcc/arm-none-eabi/11.3.1/../../../../arm-none-eabi/lib/thumb/v7e-m+fp/hard\libc_nano.a(libc_a-init.o)

.debug_line_str
                0x0000000000000000       0x5c
 .debug_line_str
                0x0000000000000000       0x5c ./cmsis/device/src/startup_stm32f746xx.o
                                         0x72 (size before relaxing)
